[38;5;244m╭──[0m[1;97m OpenRouter [0m[38;5;244m─────────────────────────────────────────────────────────────────────╮[0m
[38;5;244m│[0m[2m  Credits $149.28/$2000.00 left | Spend $431.94 | 38758 req | 309.2M/16.3M (in/out[0m [38;5;244m│[0m
[38;5;244m│[0m                                                                                   [38;5;244m│[0m
[38;5;244m│[0m  [1;97mDaily Tokens[0m                                                                     [38;5;244m│[0m
[38;5;244m│[0m[2m   25.5M │[0m      [31m▐█[0m        [33m▐█[0m                                                       [38;5;244m│[0m
[38;5;244m│[0m[2m         │[0m[31m▐█[0m    [32m▐█[0m        [32m▐█[0m                                                       [38;5;244m│[0m
[38;5;244m│[0m[2m         │[0m[31m▐█[0m    [32m▐█[0m      [38;5;208m▐█[0m[94m▐█[0m                    [38;5;205m▐█[0m                                 [38;5;244m│[0m
[38;5;244m│[0m[2m         │[0m[31m▐█[0m    [94m▐█[0m      [38;5;208m▐█[0m[94m▐█[0m                    [33m▐█[0m                                 [38;5;244m│[0m
[38;5;244m│[0m[2m         │[0m[31m▐█[0m    [94m▐█[0m      [38;5;208m▐█[0m[36m▐█[0m                    [32m▐█[0m  [33m▐█[0m                             [38;5;244m│[0m
[38;5;244m│[0m[2m         │[0m[31m▐█[0m[31m▐█[0m  [36m▐█[0m      [32m▐█[0m[36m▐█[0m                    [94m▐█[0m[38;5;205m▐█[0m[94m▐█[0m                             [38;5;244m│[0m
[38;5;244m│[0m[2m   12.7M │[0m[31m▐█[0m[31m▐█[0m[38;5;208m▐█[0m[36m▐█[0m    [31m▐█[0m[94m▐█[0m[36m▐█[0m        [33m▐█[0m          [94m▐█[0m[33m▐█[0m[94m▐█[0m              [31m▐█[0m             [38;5;244m│[0m
[38;5;244m│[0m[2m         │[0m[31m▐█[0m[38;5;208m▐█[0m[33m▐█[0m[36m▐█[0m    [38;5;208m▐█[0m[94m▐█[0m[36m▐█[0m        [94m▐█[0m  [38;5;208m▐█[0m      [94m▐█[0m[94m▐█[0m[94m▐█[0m[33m▐█[0m[38;5;205m▐█[0m          [31m▐█[0m[31m▐█[0m           [38;5;244m│[0m
[38;5;244m│[0m[2m         │[0m[31m▐█[0m[38;5;208m▐█[0m[32m▐█[0m[36m▐█[0m  [31m▐█[0m[94m▐█[0m[94m▐█[0m[36m▐█[0m        [94m▐█[0m  [32m▐█[0m  [38;5;205m▐█[0m  [36m▐█[0m[94m▐█[0m[36m▐█[0m[32m▐█[0m[33m▐█[0m          [33m▐█[0m[38;5;205m▐█[0m           [38;5;244m│[0m
[38;5;244m│[0m[2m         │[0m[31m▐█[0m[32m▐█[0m[94m▐█[0m[36m▐█[0m[32m▐█[0m[38;5;208m▐█[0m[94m▐█[0m[36m▐█[0m[36m▐█[0m[32m▐█[0m[38;5;208m▐█[0m    [94m▐█[0m[31m▐█[0m[94m▐█[0m[38;5;205m▐█[0m[38;5;205m▐█[0m[32m▐█[0m[36m▐█[0m[36m▐█[0m[36m▐█[0m[32m▐█[0m[94m▐█[0m        [33m▐█[0m[94m▐█[0m[32m▐█[0m           [38;5;244m│[0m
[38;5;244m│[0m[2m         │[0m[31m▐█[0m[94m▐█[0m[36m▐█[0m[36m▐█[0m[36m▐█[0m[32m▐█[0m[94m▐█[0m[36m▐█[0m[36m▐█[0m[94m▐█[0m[94m▐█[0m[38;5;208m▐█[0m  [36m▐█[0m[94m▐█[0m[94m▐█[0m[94m▐█[0m[38;5;205m▐█[0m[94m▐█[0m[36m▐█[0m[36m▐█[0m[36m▐█[0m[94m▐█[0m[36m▐█[0m  [94m▐█[0m[94m▐█[0m[94m▐█[0m[94m▐█[0m[36m▐█[0m[94m▐█[0m           [38;5;244m│[0m
[38;5;244m│[0m[2m    2.1M │[0m[32m▐█[0m[36m▐█[0m[36m▐█[0m[36m▐█[0m[36m▐█[0m[94m▐█[0m[36m▐█[0m[36m▐█[0m[36m▐█[0m[94m▐█[0m[36m▐█[0m[94m▐█[0m[94m▐█[0m[36m▐█[0m[36m▐█[0m[36m▐█[0m[36m▐█[0m[38;5;205m▐█[0m[36m▐█[0m[36m▐█[0m[36m▐█[0m[36m▐█[0m[36m▐█[0m[36m▐█[0m[36m▐█[0m[36m▐█[0m[36m▐█[0m[36m▐█[0m[36m▐█[0m[36m▐█[0m[36m▐█[0m           [38;5;244m│[0m
[38;5;244m│[0m[2m         └──────────────────────────────────────────────────────────────[0m           [38;5;244m│[0m
[38;5;244m│[0m          [2m03-23[0m                        [2m04-07[0m                        [2m04-22[0m          [38;5;244m│[0m
[38;5;244m│[0m  [36m█[0m [2mclaude-sonnet…[0m  [94m█[0m [2mkimi-k2.5[0m  [32m█[0m [2mgpt-5.4[0m  [33m█[0m [2mglm-4.7[0m  [38;5;208m█[0m [2mminimax-m2.7[0m  [38;5;205m█[0m [2mglm-5.1[0m   [38;5;244m│[0m
[38;5;244m│[0m                                                                                   [38;5;244m│[0m
[38;5;244m│[0m  [1;97mTop Models (by tokens)[0m                                                           [38;5;244m│[0m
[38;5;244m│[0m  [2mclaude-sonnet-4.6     [0m  [2m  110.3M[0m  [36m████████████████████████████[0m[38;5;237m[0m  [2m$ 256.00[0m         [38;5;244m│[0m
[38;5;244m│[0m  [2mkimi-k2.5             [0m  [2m   77.3M[0m  [94m███████████████████[0m[38;5;237m░░░░░░░░░[0m  [2m$  46.81[0m         [38;5;244m│[0m
[38;5;244m│[0m  [2mgpt-5.4               [0m  [2m   32.4M[0m  [32m████████[0m[38;5;237m░░░░░░░░░░░░░░░░░░░░[0m  [2m$  48.37[0m         [38;5;244m│[0m
[38;5;244m│[0m  [2mglm-4.7               [0m  [2m   26.5M[0m  [33m██████[0m[38;5;237m░░░░░░░░░░░░░░░░░░░░░░[0m  [2m$  39.20[0m         [38;5;244m│[0m
[38;5;244m│[0m  [2mminimax-m2.7          [0m  [2m   23.1M[0m  [38;5;208m█████[0m[38;5;237m░░░░░░░░░░░░░░░░░░░░░░░[0m  [2m$   3.52[0m         [38;5;244m│[0m
[38;5;244m│[0m  [2mglm-5.1               [0m  [2m   22.1M[0m  [38;5;205m█████[0m[38;5;237m░░░░░░░░░░░░░░░░░░░░░░░[0m  [2m$  11.80[0m         [38;5;244m│[0m
[38;5;244m│[0m  [2mgpt-5.3-codex         [0m  [2m   21.5M[0m  [31m█████[0m[38;5;237m░░░░░░░░░░░░░░░░░░░░░░░[0m  [2m$   6.46[0m         [38;5;244m│[0m
[38;5;244m╰───────────────────────────────────────────────────────────────────────────────────╯[0m
